R version 4.5.2 (2025-10-31)
Platform: x86_64-conda-linux-gnu
Running under: CentOS Linux 7 (Core)

Matrix products: default
BLAS/LAPACK: /home/groups/singlecell/cvicente/miniconda3/envs/COVID/lib/libopenblasp-r0.3.30.so;  LAPACK version 3.12.0

locale:
 [1] LC_CTYPE=en_US.UTF-8       LC_NUMERIC=C              
 [3] LC_TIME=en_US.UTF-8        LC_COLLATE=en_US.UTF-8    
 [5] LC_MONETARY=en_US.UTF-8    LC_MESSAGES=en_US.UTF-8   
 [7] LC_PAPER=en_US.UTF-8       LC_NAME=C                 
 [9] LC_ADDRESS=C               LC_TELEPHONE=C            
[11] LC_MEASUREMENT=en_US.UTF-8 LC_IDENTIFICATION=C       

time zone: Europe/Madrid
tzcode source: system (glibc)

attached base packages:
[1] stats4    stats     graphics  grDevices utils     datasets  methods  
[8] base     

other attached packages:
 [1] scran_1.38.0                scater_1.38.0              
 [3] scuttle_1.20.0              SingleCellExperiment_1.32.0
 [5] SummarizedExperiment_1.40.0 Biobase_2.70.0             
 [7] GenomicRanges_1.62.1        Seqinfo_1.0.0              
 [9] HDF5Array_1.38.0            h5mread_1.2.1              
[11] rhdf5_2.54.1                DelayedArray_0.36.0        
[13] SparseArray_1.10.8          S4Arrays_1.10.1            
[15] IRanges_2.44.0              abind_1.4-8                
[17] S4Vectors_0.48.0            MatrixGenerics_1.22.0      
[19] matrixStats_1.5.0           BiocGenerics_0.56.0        
[21] generics_0.1.4              Matrix_1.7-4               
[23] BiocParallel_1.44.0         lubridate_1.9.5            
[25] forcats_1.0.1               stringr_1.6.0              
[27] dplyr_1.2.0                 purrr_1.2.1                
[29] readr_2.2.0                 tidyr_1.3.2                
[31] tibble_3.3.1                ggplot2_4.0.2              
[33] tidyverse_2.0.0             glue_1.8.0                 
[35] here_1.0.2                 

loaded via a namespace (and not attached):
 [1] tidyselect_1.2.1         viridisLite_0.4.3        vipor_0.4.7             
 [4] farver_2.1.2             viridis_0.6.5            S7_0.2.1                
 [7] bluster_1.20.0           rsvd_1.0.5               timechange_0.4.0        
[10] lifecycle_1.0.5          cluster_2.1.8.2          statmod_1.5.1           
[13] magrittr_2.0.4           compiler_4.5.2           rlang_1.1.7             
[16] tools_4.5.2              igraph_2.2.2             dqrng_0.4.1             
[19] RColorBrewer_1.1-3       withr_3.0.2              grid_4.5.2              
[22] beachmat_2.26.0          Rhdf5lib_1.32.0          edgeR_4.8.2             
[25] scales_1.4.0             cli_3.6.5                metapod_1.18.0          
[28] rjson_0.2.23             tzdb_0.5.0               ggbeeswarm_0.7.3        
[31] parallel_4.5.2           XVector_0.50.0           vctrs_0.7.2             
[34] BiocSingular_1.26.1      hms_1.1.4                BiocNeighbors_2.4.0     
[37] ggrepel_0.9.7            irlba_2.3.7              beeswarm_0.4.0          
[40] magick_2.9.1             locfit_1.5-9.12          limma_3.66.0            
[43] codetools_0.2-20         stringi_1.8.7            gtable_0.3.6            
[46] ScaledMatrix_1.18.0      pillar_1.11.1            rhdf5filters_1.22.0     
[49] R6_2.6.1                 rprojroot_2.1.1          lattice_0.22-9          
[52] SpatialExperiment_1.20.0 Rcpp_1.1.1               gridExtra_2.3           
[55] pkgconfig_2.0.3         
